Java HotSpot(TM) 64-Bit Server VM (25.111-b14) for linux-amd64 JRE (1.8.0_111-b14), built on Sep 22 2016 16:14:03 by "java_re" with gcc 4.3.0 20080428 (Red Hat 4.3.0-8)
Memory: 4k page, physical 3939244k(2900396k free), swap 999420k(999420k free)
CommandLine flags: -XX:+DisableExplicitGC -XX:InitialHeapSize=1073741824 -XX:InitiatingHeapOccupancyPercent=35 -XX:+ManagementServer -XX:MaxGCPauseMillis=20 -XX:MaxHeapSize=1073741824 -XX:+PrintGC -XX:+PrintGCDateStamps -XX:+PrintGCDetails -XX:+PrintGCTimeStamps -XX:+UseCompressedClassPointers -XX:+UseCompressedOops -XX:+UseG1GC 
2017-01-17T11:16:42.108-0500: 4.048: [GC pause (G1 Evacuation Pause) (young), 0.0100780 secs]
   [Parallel Time: 5.9 ms, GC Workers: 4]
      [GC Worker Start (ms): Min: 4047.8, Avg: 4047.8, Max: 4047.9, Diff: 0.1]
      [Ext Root Scanning (ms): Min: 0.8, Avg: 1.1, Max: 1.5, Diff: 0.8, Sum: 4.2]
      [Update RS (ms): Min: 0.0, Avg: 0.0, Max: 0.0, Diff: 0.0, Sum: 0.0]
         [Processed Buffers: Min: 0, Avg: 0.0, Max: 0, Diff: 0, Sum: 0]
      [Scan RS (ms): Min: 0.0, Avg: 0.0, Max: 0.0, Diff: 0.0, Sum: 0.0]
      [Code Root Scanning (ms): Min: 0.0, Avg: 0.2, Max: 0.5, Diff: 0.5, Sum: 0.8]
      [Object Copy (ms): Min: 4.0, Avg: 4.3, Max: 4.6, Diff: 0.6, Sum: 17.1]
      [Termination (ms): Min: 0.0, Avg: 0.0, Max: 0.0, Diff: 0.0, Sum: 0.0]
         [Termination Attempts: Min: 1, Avg: 6.5, Max: 12, Diff: 11, Sum: 26]
      [GC Worker Other (ms): Min: 0.0, Avg: 0.0, Max: 0.0, Diff: 0.0, Sum: 0.1]
      [GC Worker Total (ms): Min: 5.5, Avg: 5.6, Max: 5.6, Diff: 0.1, Sum: 22.3]
      [GC Worker End (ms): Min: 4053.4, Avg: 4053.4, Max: 4053.4, Diff: 0.0]
   [Code Root Fixup: 0.1 ms]
   [Code Root Purge: 0.0 ms]
   [Clear CT: 0.4 ms]
   [Other: 3.6 ms]
      [Choose CSet: 0.0 ms]
      [Ref Proc: 3.2 ms]
      [Ref Enq: 0.1 ms]
      [Redirty Cards: 0.1 ms]
      [Humongous Register: 0.0 ms]
      [Humongous Reclaim: 0.0 ms]
      [Free CSet: 0.1 ms]
   [Eden: 51.0M(51.0M)->0.0B(44.0M) Survivors: 0.0B->7168.0K Heap: 51.0M(1024.0M)->8168.5K(1024.0M)]
 [Times: user=0.02 sys=0.00, real=0.01 secs] 
2017-01-17T11:17:28.896-0500: 50.836: [GC pause (G1 Evacuation Pause) (young), 0.0167146 secs]
   [Parallel Time: 12.0 ms, GC Workers: 4]
      [GC Worker Start (ms): Min: 50836.3, Avg: 50837.3, Max: 50838.2, Diff: 2.0]
      [Ext Root Scanning (ms): Min: 0.7, Avg: 3.0, Max: 5.5, Diff: 4.8, Sum: 11.9]
      [Update RS (ms): Min: 0.0, Avg: 0.1, Max: 0.2, Diff: 0.2, Sum: 0.2]
         [Processed Buffers: Min: 0, Avg: 0.2, Max: 1, Diff: 1, Sum: 1]
      [Scan RS (ms): Min: 0.0, Avg: 0.0, Max: 0.0, Diff: 0.0, Sum: 0.1]
      [Code Root Scanning (ms): Min: 0.0, Avg: 0.4, Max: 1.6, Diff: 1.6, Sum: 1.7]
      [Object Copy (ms): Min: 6.3, Avg: 7.4, Max: 9.1, Diff: 2.8, Sum: 29.7]
      [Termination (ms): Min: 0.0, Avg: 0.1, Max: 0.1, Diff: 0.1, Sum: 0.3]
         [Termination Attempts: Min: 1, Avg: 1.2, Max: 2, Diff: 1, Sum: 5]
      [GC Worker Other (ms): Min: 0.0, Avg: 0.0, Max: 0.0, Diff: 0.0, Sum: 0.0]
      [GC Worker Total (ms): Min: 10.0, Avg: 11.0, Max: 12.0, Diff: 2.0, Sum: 43.9]
      [GC Worker End (ms): Min: 50848.2, Avg: 50848.2, Max: 50848.2, Diff: 0.0]
   [Code Root Fixup: 0.3 ms]
   [Code Root Purge: 0.0 ms]
   [Clear CT: 0.1 ms]
   [Other: 4.3 ms]
      [Choose CSet: 0.0 ms]
      [Ref Proc: 3.9 ms]
      [Ref Enq: 0.0 ms]
      [Redirty Cards: 0.0 ms]
      [Humongous Register: 0.0 ms]
      [Humongous Reclaim: 0.0 ms]
      [Free CSet: 0.1 ms]
   [Eden: 44.0M(44.0M)->0.0B(44.0M) Survivors: 7168.0K->7168.0K Heap: 180.0M(1024.0M)->138.0M(1024.0M)]
 [Times: user=0.04 sys=0.00, real=0.02 secs] 
2017-01-17T11:17:28.980-0500: 50.920: [GC pause (Metadata GC Threshold) (young) (initial-mark), 0.0092630 secs]
   [Parallel Time: 8.3 ms, GC Workers: 4]
      [GC Worker Start (ms): Min: 50920.1, Avg: 50920.7, Max: 50922.2, Diff: 2.0]
      [Ext Root Scanning (ms): Min: 1.0, Avg: 2.8, Max: 3.5, Diff: 2.5, Sum: 11.1]
      [Update RS (ms): Min: 0.0, Avg: 0.2, Max: 0.3, Diff: 0.3, Sum: 0.8]
         [Processed Buffers: Min: 0, Avg: 1.0, Max: 2, Diff: 2, Sum: 4]
      [Scan RS (ms): Min: 0.0, Avg: 0.0, Max: 0.0, Diff: 0.0, Sum: 0.0]
      [Code Root Scanning (ms): Min: 0.0, Avg: 0.4, Max: 1.0, Diff: 1.0, Sum: 1.7]
      [Object Copy (ms): Min: 4.0, Avg: 4.3, Max: 4.5, Diff: 0.5, Sum: 17.4]
      [Termination (ms): Min: 0.0, Avg: 0.0, Max: 0.0, Diff: 0.0, Sum: 0.0]
         [Termination Attempts: Min: 1, Avg: 1.5, Max: 3, Diff: 2, Sum: 6]
      [GC Worker Other (ms): Min: 0.0, Avg: 0.0, Max: 0.0, Diff: 0.0, Sum: 0.1]
      [GC Worker Total (ms): Min: 6.2, Avg: 7.8, Max: 8.3, Diff: 2.0, Sum: 31.0]
      [GC Worker End (ms): Min: 50928.4, Avg: 50928.4, Max: 50928.4, Diff: 0.0]
   [Code Root Fixup: 0.3 ms]
   [Code Root Purge: 0.0 ms]
   [Clear CT: 0.0 ms]
   [Other: 0.5 ms]
      [Choose CSet: 0.0 ms]
      [Ref Proc: 0.3 ms]
      [Ref Enq: 0.0 ms]
      [Redirty Cards: 0.0 ms]
      [Humongous Register: 0.0 ms]
      [Humongous Reclaim: 0.0 ms]
      [Free CSet: 0.0 ms]
   [Eden: 5120.0K(44.0M)->0.0B(47.0M) Survivors: 7168.0K->4096.0K Heap: 142.5M(1024.0M)->139.3M(1024.0M)]
 [Times: user=0.03 sys=0.00, real=0.00 secs] 
2017-01-17T11:17:28.989-0500: 50.929: [GC concurrent-root-region-scan-start]
2017-01-17T11:17:28.993-0500: 50.933: [GC concurrent-root-region-scan-end, 0.0035806 secs]
2017-01-17T11:17:28.993-0500: 50.933: [GC concurrent-mark-start]
2017-01-17T11:17:29.003-0500: 50.943: [GC concurrent-mark-end, 0.0098166 secs]
2017-01-17T11:17:29.003-0500: 50.943: [GC remark 2017-01-17T11:17:29.003-0500: 50.943: [Finalize Marking, 0.0001121 secs] 2017-01-17T11:17:29.003-0500: 50.943: [GC ref-proc, 0.0001059 secs] 2017-01-17T11:17:29.003-0500: 50.943: [Unloading, 0.0030021 secs], 0.0045557 secs]
 [Times: user=0.01 sys=0.00, real=0.00 secs] 
2017-01-17T11:17:29.008-0500: 50.948: [GC cleanup 140M->137M(1024M), 0.0007049 secs]
 [Times: user=0.01 sys=0.00, real=0.00 secs] 
2017-01-17T11:17:29.009-0500: 50.949: [GC concurrent-cleanup-start]
2017-01-17T11:17:29.009-0500: 50.949: [GC concurrent-cleanup-end, 0.0000181 secs]
2017-01-17T11:20:15.368-0500: 217.308: [GC pause (G1 Evacuation Pause) (young), 0.0156329 secs]
   [Parallel Time: 12.2 ms, GC Workers: 4]
      [GC Worker Start (ms): Min: 217308.2, Avg: 217308.2, Max: 217308.3, Diff: 0.1]
      [Ext Root Scanning (ms): Min: 1.2, Avg: 1.4, Max: 1.7, Diff: 0.5, Sum: 5.4]
      [Update RS (ms): Min: 0.8, Avg: 1.1, Max: 1.7, Diff: 0.9, Sum: 4.4]
         [Processed Buffers: Min: 1, Avg: 6.2, Max: 14, Diff: 13, Sum: 25]
      [Scan RS (ms): Min: 0.3, Avg: 0.6, Max: 0.8, Diff: 0.5, Sum: 2.3]
      [Code Root Scanning (ms): Min: 0.0, Avg: 0.6, Max: 0.9, Diff: 0.9, Sum: 2.5]
      [Object Copy (ms): Min: 8.1, Avg: 8.4, Max: 8.6, Diff: 0.5, Sum: 33.5]
      [Termination (ms): Min: 0.0, Avg: 0.0, Max: 0.0, Diff: 0.0, Sum: 0.0]
         [Termination Attempts: Min: 1, Avg: 1.0, Max: 1, Diff: 0, Sum: 4]
      [GC Worker Other (ms): Min: 0.0, Avg: 0.0, Max: 0.0, Diff: 0.0, Sum: 0.1]
      [GC Worker Total (ms): Min: 12.0, Avg: 12.0, Max: 12.1, Diff: 0.1, Sum: 48.2]
      [GC Worker End (ms): Min: 217320.3, Avg: 217320.3, Max: 217320.3, Diff: 0.0]
   [Code Root Fixup: 0.5 ms]
   [Code Root Purge: 0.1 ms]
   [Clear CT: 0.3 ms]
   [Other: 2.5 ms]
      [Choose CSet: 0.0 ms]
      [Ref Proc: 1.5 ms]
      [Ref Enq: 0.0 ms]
      [Redirty Cards: 0.4 ms]
      [Humongous Register: 0.1 ms]
      [Humongous Reclaim: 0.0 ms]
      [Free CSet: 0.1 ms]
   [Eden: 47.0M(47.0M)->0.0B(45.0M) Survivors: 4096.0K->6144.0K Heap: 183.3M(1024.0M)->138.3M(1024.0M)]
 [Times: user=0.05 sys=0.00, real=0.02 secs] 
2017-01-17T11:22:15.003-0500: 336.944: [GC pause (G1 Evacuation Pause) (young), 0.0083010 secs]
   [Parallel Time: 6.1 ms, GC Workers: 4]
      [GC Worker Start (ms): Min: 336943.7, Avg: 336943.7, Max: 336943.7, Diff: 0.0]
      [Ext Root Scanning (ms): Min: 0.4, Avg: 0.5, Max: 0.8, Diff: 0.4, Sum: 2.2]
      [Update RS (ms): Min: 0.0, Avg: 0.2, Max: 0.3, Diff: 0.3, Sum: 0.8]
         [Processed Buffers: Min: 1, Avg: 5.5, Max: 16, Diff: 15, Sum: 22]
      [Scan RS (ms): Min: 0.1, Avg: 0.1, Max: 0.2, Diff: 0.1, Sum: 0.6]
      [Code Root Scanning (ms): Min: 0.0, Avg: 0.3, Max: 0.5, Diff: 0.5, Sum: 1.1]
      [Object Copy (ms): Min: 4.4, Avg: 4.8, Max: 5.1, Diff: 0.7, Sum: 19.3]
      [Termination (ms): Min: 0.0, Avg: 0.0, Max: 0.0, Diff: 0.0, Sum: 0.0]
         [Termination Attempts: Min: 1, Avg: 1.0, Max: 1, Diff: 0, Sum: 4]
      [GC Worker Other (ms): Min: 0.0, Avg: 0.0, Max: 0.0, Diff: 0.0, Sum: 0.1]
      [GC Worker Total (ms): Min: 6.0, Avg: 6.0, Max: 6.0, Diff: 0.0, Sum: 24.0]
      [GC Worker End (ms): Min: 336949.7, Avg: 336949.7, Max: 336949.7, Diff: 0.0]
   [Code Root Fixup: 0.5 ms]
   [Code Root Purge: 0.0 ms]
   [Clear CT: 0.3 ms]
   [Other: 1.5 ms]
      [Choose CSet: 0.0 ms]
      [Ref Proc: 0.6 ms]
      [Ref Enq: 0.0 ms]
      [Redirty Cards: 0.5 ms]
      [Humongous Register: 0.0 ms]
      [Humongous Reclaim: 0.0 ms]
      [Free CSet: 0.1 ms]
   [Eden: 45.0M(45.0M)->0.0B(46.0M) Survivors: 6144.0K->5120.0K Heap: 183.3M(1024.0M)->136.8M(1024.0M)]
 [Times: user=0.03 sys=0.00, real=0.01 secs] 
2017-01-17T11:24:54.065-0500: 496.005: [GC pause (G1 Evacuation Pause) (young), 0.0054498 secs]
   [Parallel Time: 4.7 ms, GC Workers: 4]
      [GC Worker Start (ms): Min: 496005.2, Avg: 496005.2, Max: 496005.2, Diff: 0.0]
      [Ext Root Scanning (ms): Min: 0.4, Avg: 0.5, Max: 0.8, Diff: 0.4, Sum: 2.2]
      [Update RS (ms): Min: 0.1, Avg: 0.3, Max: 0.5, Diff: 0.4, Sum: 1.3]
         [Processed Buffers: Min: 1, Avg: 3.2, Max: 7, Diff: 6, Sum: 13]
      [Scan RS (ms): Min: 0.0, Avg: 0.0, Max: 0.0, Diff: 0.0, Sum: 0.0]
      [Code Root Scanning (ms): Min: 0.0, Avg: 0.3, Max: 0.6, Diff: 0.6, Sum: 1.2]
      [Object Copy (ms): Min: 3.0, Avg: 3.4, Max: 3.8, Diff: 0.8, Sum: 13.7]
      [Termination (ms): Min: 0.0, Avg: 0.0, Max: 0.0, Diff: 0.0, Sum: 0.0]
         [Termination Attempts: Min: 1, Avg: 1.0, Max: 1, Diff: 0, Sum: 4]
      [GC Worker Other (ms): Min: 0.0, Avg: 0.0, Max: 0.0, Diff: 0.0, Sum: 0.0]
      [GC Worker Total (ms): Min: 4.6, Avg: 4.6, Max: 4.6, Diff: 0.0, Sum: 18.4]
      [GC Worker End (ms): Min: 496009.8, Avg: 496009.8, Max: 496009.8, Diff: 0.0]
   [Code Root Fixup: 0.2 ms]
   [Code Root Purge: 0.0 ms]
   [Clear CT: 0.1 ms]
   [Other: 0.5 ms]
      [Choose CSet: 0.0 ms]
      [Ref Proc: 0.2 ms]
      [Ref Enq: 0.0 ms]
      [Redirty Cards: 0.1 ms]
      [Humongous Register: 0.0 ms]
      [Humongous Reclaim: 0.0 ms]
      [Free CSet: 0.0 ms]
   [Eden: 46.0M(46.0M)->0.0B(46.0M) Survivors: 5120.0K->5120.0K Heap: 182.8M(1024.0M)->137.3M(1024.0M)]
 [Times: user=0.02 sys=0.00, real=0.00 secs] 
2017-01-17T11:27:29.065-0500: 651.005: [GC pause (G1 Evacuation Pause) (young), 0.0069063 secs]
   [Parallel Time: 5.6 ms, GC Workers: 4]
      [GC Worker Start (ms): Min: 651005.2, Avg: 651006.4, Max: 651009.9, Diff: 4.7]
      [Ext Root Scanning (ms): Min: 0.0, Avg: 0.4, Max: 0.7, Diff: 0.7, Sum: 1.8]
      [Update RS (ms): Min: 0.0, Avg: 0.3, Max: 0.4, Diff: 0.4, Sum: 1.0]
         [Processed Buffers: Min: 0, Avg: 2.5, Max: 6, Diff: 6, Sum: 10]
      [Scan RS (ms): Min: 0.0, Avg: 0.0, Max: 0.0, Diff: 0.0, Sum: 0.0]
      [Code Root Scanning (ms): Min: 0.0, Avg: 0.3, Max: 0.6, Diff: 0.6, Sum: 1.1]
      [Object Copy (ms): Min: 0.5, Avg: 3.1, Max: 4.1, Diff: 3.6, Sum: 12.4]
      [Termination (ms): Min: 0.0, Avg: 0.3, Max: 0.4, Diff: 0.4, Sum: 1.1]
         [Termination Attempts: Min: 1, Avg: 1.5, Max: 3, Diff: 2, Sum: 6]
      [GC Worker Other (ms): Min: 0.0, Avg: 0.0, Max: 0.0, Diff: 0.0, Sum: 0.0]
      [GC Worker Total (ms): Min: 0.9, Avg: 4.4, Max: 5.6, Diff: 4.7, Sum: 17.5]
      [GC Worker End (ms): Min: 651010.8, Avg: 651010.8, Max: 651010.8, Diff: 0.0]
   [Code Root Fixup: 0.2 ms]
   [Code Root Purge: 0.0 ms]
   [Clear CT: 0.3 ms]
   [Other: 0.8 ms]
      [Choose CSet: 0.0 ms]
      [Ref Proc: 0.2 ms]
      [Ref Enq: 0.0 ms]
      [Redirty Cards: 0.3 ms]
      [Humongous Register: 0.0 ms]
      [Humongous Reclaim: 0.0 ms]
      [Free CSet: 0.0 ms]
   [Eden: 46.0M(46.0M)->0.0B(46.0M) Survivors: 5120.0K->5120.0K Heap: 183.3M(1024.0M)->137.3M(1024.0M)]
 [Times: user=0.02 sys=0.00, real=0.01 secs] 
2017-01-17T11:30:13.536-0500: 815.477: [GC pause (G1 Evacuation Pause) (young), 0.0056852 secs]
   [Parallel Time: 4.8 ms, GC Workers: 4]
      [GC Worker Start (ms): Min: 815476.7, Avg: 815476.7, Max: 815476.8, Diff: 0.0]
      [Ext Root Scanning (ms): Min: 0.4, Avg: 0.6, Max: 0.9, Diff: 0.5, Sum: 2.3]
      [Update RS (ms): Min: 0.1, Avg: 0.3, Max: 0.5, Diff: 0.4, Sum: 1.2]
         [Processed Buffers: Min: 1, Avg: 2.8, Max: 7, Diff: 6, Sum: 11]
      [Scan RS (ms): Min: 0.0, Avg: 0.0, Max: 0.0, Diff: 0.0, Sum: 0.0]
      [Code Root Scanning (ms): Min: 0.0, Avg: 0.3, Max: 0.6, Diff: 0.6, Sum: 1.3]
      [Object Copy (ms): Min: 3.0, Avg: 3.3, Max: 3.5, Diff: 0.5, Sum: 13.1]
      [Termination (ms): Min: 0.0, Avg: 0.0, Max: 0.0, Diff: 0.0, Sum: 0.0]
         [Termination Attempts: Min: 1, Avg: 1.0, Max: 1, Diff: 0, Sum: 4]
      [GC Worker Other (ms): Min: 0.0, Avg: 0.0, Max: 0.0, Diff: 0.0, Sum: 0.1]
      [GC Worker Total (ms): Min: 4.5, Avg: 4.5, Max: 4.5, Diff: 0.0, Sum: 18.0]
      [GC Worker End (ms): Min: 815481.2, Avg: 815481.3, Max: 815481.3, Diff: 0.0]
   [Code Root Fixup: 0.3 ms]
   [Code Root Purge: 0.0 ms]
   [Clear CT: 0.0 ms]
   [Other: 0.5 ms]
      [Choose CSet: 0.0 ms]
      [Ref Proc: 0.3 ms]
      [Ref Enq: 0.0 ms]
      [Redirty Cards: 0.0 ms]
      [Humongous Register: 0.0 ms]
      [Humongous Reclaim: 0.0 ms]
      [Free CSet: 0.0 ms]
   [Eden: 46.0M(46.0M)->0.0B(52.0M) Survivors: 5120.0K->5120.0K Heap: 183.3M(1024.0M)->136.8M(1024.0M)]
 [Times: user=0.02 sys=0.00, real=0.01 secs] 
2017-01-17T11:33:21.635-0500: 1003.575: [GC pause (G1 Evacuation Pause) (young), 0.0065317 secs]
   [Parallel Time: 5.3 ms, GC Workers: 4]
      [GC Worker Start (ms): Min: 1003575.3, Avg: 1003575.3, Max: 1003575.3, Diff: 0.0]
      [Ext Root Scanning (ms): Min: 0.5, Avg: 0.7, Max: 1.2, Diff: 0.7, Sum: 2.8]
      [Update RS (ms): Min: 0.0, Avg: 0.3, Max: 0.5, Diff: 0.5, Sum: 1.3]
         [Processed Buffers: Min: 0, Avg: 3.5, Max: 11, Diff: 11, Sum: 14]
      [Scan RS (ms): Min: 0.0, Avg: 0.0, Max: 0.0, Diff: 0.0, Sum: 0.1]
      [Code Root Scanning (ms): Min: 0.0, Avg: 0.6, Max: 1.2, Diff: 1.2, Sum: 2.2]
      [Object Copy (ms): Min: 3.1, Avg: 3.7, Max: 4.3, Diff: 1.3, Sum: 14.6]
      [Termination (ms): Min: 0.0, Avg: 0.0, Max: 0.0, Diff: 0.0, Sum: 0.0]
         [Termination Attempts: Min: 1, Avg: 1.0, Max: 1, Diff: 0, Sum: 4]
      [GC Worker Other (ms): Min: 0.0, Avg: 0.0, Max: 0.0, Diff: 0.0, Sum: 0.1]
      [GC Worker Total (ms): Min: 5.3, Avg: 5.3, Max: 5.3, Diff: 0.0, Sum: 21.1]
      [GC Worker End (ms): Min: 1003580.6, Avg: 1003580.6, Max: 1003580.6, Diff: 0.0]
   [Code Root Fixup: 0.3 ms]
   [Code Root Purge: 0.0 ms]
   [Clear CT: 0.1 ms]
   [Other: 0.8 ms]
      [Choose CSet: 0.0 ms]
      [Ref Proc: 0.5 ms]
      [Ref Enq: 0.0 ms]
      [Redirty Cards: 0.0 ms]
      [Humongous Register: 0.0 ms]
      [Humongous Reclaim: 0.0 ms]
      [Free CSet: 0.0 ms]
   [Eden: 52.0M(52.0M)->0.0B(141.0M) Survivors: 5120.0K->6144.0K Heap: 188.8M(1024.0M)->137.8M(1024.0M)]
 [Times: user=0.02 sys=0.00, real=0.01 secs] 
2017-01-17T11:40:59.065-0500: 1461.005: [GC pause (G1 Evacuation Pause) (young), 0.0071351 secs]
   [Parallel Time: 5.7 ms, GC Workers: 4]
      [GC Worker Start (ms): Min: 1461005.1, Avg: 1461005.6, Max: 1461006.8, Diff: 1.7]
      [Ext Root Scanning (ms): Min: 0.0, Avg: 0.5, Max: 0.8, Diff: 0.8, Sum: 1.9]
      [Update RS (ms): Min: 0.0, Avg: 0.3, Max: 0.4, Diff: 0.4, Sum: 1.2]
         [Processed Buffers: Min: 0, Avg: 3.2, Max: 9, Diff: 9, Sum: 13]
      [Scan RS (ms): Min: 0.0, Avg: 0.0, Max: 0.1, Diff: 0.0, Sum: 0.1]
      [Code Root Scanning (ms): Min: 0.0, Avg: 0.4, Max: 0.7, Diff: 0.7, Sum: 1.4]
      [Object Copy (ms): Min: 3.6, Avg: 4.0, Max: 4.6, Diff: 1.0, Sum: 15.8]
      [Termination (ms): Min: 0.0, Avg: 0.0, Max: 0.0, Diff: 0.0, Sum: 0.0]
         [Termination Attempts: Min: 1, Avg: 1.0, Max: 1, Diff: 0, Sum: 4]
      [GC Worker Other (ms): Min: 0.0, Avg: 0.0, Max: 0.1, Diff: 0.0, Sum: 0.1]
      [GC Worker Total (ms): Min: 3.9, Avg: 5.1, Max: 5.6, Diff: 1.7, Sum: 20.6]
      [GC Worker End (ms): Min: 1461010.7, Avg: 1461010.7, Max: 1461010.7, Diff: 0.0]
   [Code Root Fixup: 0.3 ms]
   [Code Root Purge: 0.0 ms]
   [Clear CT: 0.1 ms]
   [Other: 1.0 ms]
      [Choose CSet: 0.0 ms]
      [Ref Proc: 0.4 ms]
      [Ref Enq: 0.0 ms]
      [Redirty Cards: 0.3 ms]
      [Humongous Register: 0.0 ms]
      [Humongous Reclaim: 0.0 ms]
      [Free CSet: 0.1 ms]
   [Eden: 141.0M(141.0M)->0.0B(304.0M) Survivors: 6144.0K->6144.0K Heap: 278.8M(1024.0M)->137.7M(1024.0M)]
 [Times: user=0.02 sys=0.00, real=0.01 secs] 
2017-01-17T11:59:18.085-0500: 2560.025: [GC pause (G1 Evacuation Pause) (young), 0.0109117 secs]
   [Parallel Time: 9.4 ms, GC Workers: 4]
      [GC Worker Start (ms): Min: 2560025.5, Avg: 2560026.2, Max: 2560026.9, Diff: 1.4]
      [Ext Root Scanning (ms): Min: 0.5, Avg: 1.3, Max: 2.2, Diff: 1.6, Sum: 5.3]
      [Update RS (ms): Min: 0.3, Avg: 0.7, Max: 1.0, Diff: 0.8, Sum: 2.7]
         [Processed Buffers: Min: 1, Avg: 3.5, Max: 9, Diff: 8, Sum: 14]
      [Scan RS (ms): Min: 0.0, Avg: 0.1, Max: 0.2, Diff: 0.2, Sum: 0.4]
      [Code Root Scanning (ms): Min: 0.0, Avg: 0.9, Max: 2.5, Diff: 2.5, Sum: 3.5]
      [Object Copy (ms): Min: 4.3, Avg: 5.6, Max: 6.2, Diff: 1.9, Sum: 22.2]
      [Termination (ms): Min: 0.0, Avg: 0.0, Max: 0.0, Diff: 0.0, Sum: 0.0]
         [Termination Attempts: Min: 1, Avg: 1.0, Max: 1, Diff: 0, Sum: 4]
      [GC Worker Other (ms): Min: 0.0, Avg: 0.0, Max: 0.1, Diff: 0.0, Sum: 0.1]
      [GC Worker Total (ms): Min: 7.9, Avg: 8.6, Max: 9.3, Diff: 1.4, Sum: 34.3]
      [GC Worker End (ms): Min: 2560034.7, Avg: 2560034.8, Max: 2560034.8, Diff: 0.0]
   [Code Root Fixup: 0.4 ms]
   [Code Root Purge: 0.0 ms]
   [Clear CT: 0.3 ms]
   [Other: 0.8 ms]
      [Choose CSet: 0.0 ms]
      [Ref Proc: 0.3 ms]
      [Ref Enq: 0.0 ms]
      [Redirty Cards: 0.1 ms]
      [Humongous Register: 0.0 ms]
      [Humongous Reclaim: 0.0 ms]
      [Free CSet: 0.2 ms]
   [Eden: 304.0M(304.0M)->0.0B(521.0M) Survivors: 6144.0K->5120.0K Heap: 441.7M(1024.0M)->137.3M(1024.0M)]
 [Times: user=0.02 sys=0.01, real=0.01 secs] 
2017-01-17T12:29:47.441-0500: 4389.381: [GC pause (G1 Evacuation Pause) (young), 0.0082171 secs]
   [Parallel Time: 6.6 ms, GC Workers: 4]
      [GC Worker Start (ms): Min: 4389381.0, Avg: 4389381.4, Max: 4389382.8, Diff: 1.9]
      [Ext Root Scanning (ms): Min: 0.0, Avg: 0.9, Max: 1.5, Diff: 1.5, Sum: 3.6]
      [Update RS (ms): Min: 0.0, Avg: 0.3, Max: 0.5, Diff: 0.5, Sum: 1.2]
         [Processed Buffers: Min: 0, Avg: 4.0, Max: 13, Diff: 13, Sum: 16]
      [Scan RS (ms): Min: 0.1, Avg: 0.1, Max: 0.2, Diff: 0.1, Sum: 0.5]
      [Code Root Scanning (ms): Min: 0.0, Avg: 0.5, Max: 1.1, Diff: 1.1, Sum: 2.1]
      [Object Copy (ms): Min: 3.7, Avg: 4.1, Max: 4.5, Diff: 0.8, Sum: 16.4]
      [Termination (ms): Min: 0.0, Avg: 0.0, Max: 0.0, Diff: 0.0, Sum: 0.0]
         [Termination Attempts: Min: 1, Avg: 1.0, Max: 1, Diff: 0, Sum: 4]
      [GC Worker Other (ms): Min: 0.0, Avg: 0.1, Max: 0.1, Diff: 0.0, Sum: 0.2]
      [GC Worker Total (ms): Min: 4.7, Avg: 6.0, Max: 6.5, Diff: 1.8, Sum: 24.1]
      [GC Worker End (ms): Min: 4389387.4, Avg: 4389387.5, Max: 4389387.5, Diff: 0.1]
   [Code Root Fixup: 0.4 ms]
   [Code Root Purge: 0.0 ms]
   [Clear CT: 0.3 ms]
   [Other: 0.9 ms]
      [Choose CSet: 0.0 ms]
      [Ref Proc: 0.4 ms]
      [Ref Enq: 0.0 ms]
      [Redirty Cards: 0.1 ms]
      [Humongous Register: 0.0 ms]
      [Humongous Reclaim: 0.0 ms]
      [Free CSet: 0.3 ms]
   [Eden: 521.0M(521.0M)->0.0B(609.0M) Survivors: 5120.0K->5120.0K Heap: 658.3M(1024.0M)->137.3M(1024.0M)]
 [Times: user=0.03 sys=0.00, real=0.00 secs] 
2017-01-17T13:06:44.065-0500: 6606.005: [GC pause (G1 Evacuation Pause) (young), 0.0082196 secs]
   [Parallel Time: 6.1 ms, GC Workers: 4]
      [GC Worker Start (ms): Min: 6606005.1, Avg: 6606005.1, Max: 6606005.2, Diff: 0.0]
      [Ext Root Scanning (ms): Min: 0.4, Avg: 0.7, Max: 1.1, Diff: 0.7, Sum: 2.8]
      [Update RS (ms): Min: 0.0, Avg: 0.4, Max: 0.5, Diff: 0.5, Sum: 1.4]
         [Processed Buffers: Min: 1, Avg: 3.2, Max: 8, Diff: 7, Sum: 13]
      [Scan RS (ms): Min: 0.1, Avg: 0.1, Max: 0.3, Diff: 0.2, Sum: 0.6]
      [Code Root Scanning (ms): Min: 0.0, Avg: 0.6, Max: 1.1, Diff: 1.1, Sum: 2.3]
      [Object Copy (ms): Min: 3.6, Avg: 4.1, Max: 4.7, Diff: 1.1, Sum: 16.4]
      [Termination (ms): Min: 0.0, Avg: 0.0, Max: 0.0, Diff: 0.0, Sum: 0.0]
         [Termination Attempts: Min: 1, Avg: 1.0, Max: 1, Diff: 0, Sum: 4]
      [GC Worker Other (ms): Min: 0.1, Avg: 0.1, Max: 0.2, Diff: 0.2, Sum: 0.4]
      [GC Worker Total (ms): Min: 6.0, Avg: 6.0, Max: 6.0, Diff: 0.0, Sum: 23.9]
      [GC Worker End (ms): Min: 6606011.1, Avg: 6606011.1, Max: 6606011.1, Diff: 0.0]
   [Code Root Fixup: 0.4 ms]
   [Code Root Purge: 0.0 ms]
   [Clear CT: 0.3 ms]
   [Other: 1.3 ms]
      [Choose CSet: 0.0 ms]
      [Ref Proc: 0.5 ms]
      [Ref Enq: 0.0 ms]
      [Redirty Cards: 0.1 ms]
      [Humongous Register: 0.0 ms]
      [Humongous Reclaim: 0.0 ms]
      [Free CSet: 0.5 ms]
   [Eden: 609.0M(609.0M)->0.0B(608.0M) Survivors: 5120.0K->6144.0K Heap: 746.3M(1024.0M)->137.8M(1024.0M)]
 [Times: user=0.02 sys=0.00, real=0.01 secs] 
2017-01-17T13:43:59.065-0500: 8841.005: [GC pause (G1 Evacuation Pause) (young), 0.0147094 secs]
   [Parallel Time: 11.8 ms, GC Workers: 4]
      [GC Worker Start (ms): Min: 8841005.1, Avg: 8841005.5, Max: 8841006.8, Diff: 1.7]
      [Ext Root Scanning (ms): Min: 0.0, Avg: 0.4, Max: 0.7, Diff: 0.7, Sum: 1.8]
      [Update RS (ms): Min: 0.0, Avg: 0.3, Max: 0.4, Diff: 0.4, Sum: 1.0]
         [Processed Buffers: Min: 0, Avg: 3.5, Max: 8, Diff: 8, Sum: 14]
      [Scan RS (ms): Min: 0.0, Avg: 0.1, Max: 0.2, Diff: 0.2, Sum: 0.5]
      [Code Root Scanning (ms): Min: 0.0, Avg: 0.8, Max: 1.5, Diff: 1.5, Sum: 3.1]
      [Object Copy (ms): Min: 7.7, Avg: 8.7, Max: 9.9, Diff: 2.1, Sum: 35.0]
      [Termination (ms): Min: 0.0, Avg: 0.9, Max: 1.2, Diff: 1.2, Sum: 3.5]
         [Termination Attempts: Min: 1, Avg: 1.0, Max: 1, Diff: 0, Sum: 4]
      [GC Worker Other (ms): Min: 0.0, Avg: 0.1, Max: 0.1, Diff: 0.1, Sum: 0.3]
      [GC Worker Total (ms): Min: 10.0, Avg: 11.3, Max: 11.7, Diff: 1.7, Sum: 45.2]
      [GC Worker End (ms): Min: 8841016.8, Avg: 8841016.8, Max: 8841016.9, Diff: 0.0]
   [Code Root Fixup: 1.2 ms]
   [Code Root Purge: 0.0 ms]
   [Clear CT: 0.3 ms]
   [Other: 1.4 ms]
      [Choose CSet: 0.0 ms]
      [Ref Proc: 0.8 ms]
      [Ref Enq: 0.0 ms]
      [Redirty Cards: 0.1 ms]
      [Humongous Register: 0.0 ms]
      [Humongous Reclaim: 0.0 ms]
      [Free CSet: 0.3 ms]
   [Eden: 608.0M(608.0M)->0.0B(608.0M) Survivors: 6144.0K->6144.0K Heap: 745.8M(1024.0M)->137.8M(1024.0M)]
 [Times: user=0.05 sys=0.00, real=0.02 secs] 
Heap
 garbage-first heap   total 1048576K, used 331608K [0x00000000c0000000, 0x00000000c0102000, 0x0000000100000000)
  region size 1024K, 193 young (197632K), 6 survivors (6144K)
 Metaspace       used 25112K, capacity 25360K, committed 25648K, reserved 1071104K
  class space    used 3439K, capacity 3522K, committed 3632K, reserved 1048576K
